// Jest Snapshot v1, https://goo.gl/fbAQLP

exports[`정상적으로 렌더링이 되었는가? 1`] = `
<Text
  style={
    [
      {
        "color": "#11181C",
      },
      {
        "fontSize": 16,
        "lineHeight": 24,
      },
      undefined,
      undefined,
      undefined,
      undefined,
      undefined,
    ]
  }
>
  스냅샷 테스트!
</Text>
`;
